// Jest Snapshot v1, https://goo.gl/fbAQLP

exports[`ModalDialog renders default dialog 1`] = `ShallowWrapper {}`;

exports[`ModalDialog renders with \`modal-body--no-title\` class if title is not provided 1`] = `ShallowWrapper {}`;

exports[`ModalDialog renders with a custom class 1`] = `ShallowWrapper {}`;

exports[`ModalDialog renders with body content 1`] = `ShallowWrapper {}`;

exports[`ModalDialog renders with footer content when \`footer\` specified as prop 1`] = `ShallowWrapper {}`;

exports[`ModalDialog renders with header divider if title is provided 1`] = `ShallowWrapper {}`;

exports[`ModalDialog renders with large sized when passed down the props 1`] = `ShallowWrapper {}`;

exports[`ModalDialog renders with medium sized when passed down the props 1`] = `ShallowWrapper {}`;

exports[`ModalDialog renders with no footer when \`footer\` not specified as prop 1`] = `ShallowWrapper {}`;

exports[`ModalDialog renders with small size when passed down the props 1`] = `ShallowWrapper {}`;

exports[`ModalDialog renders with some random other props 1`] = `ShallowWrapper {}`;

exports[`ModalDialog renders with title 1`] = `ShallowWrapper {}`;

exports[`ModalDialog renders without \`modal-body--no-title\` class if title is provided 1`] = `ShallowWrapper {}`;

exports[`ModalDialog renders without header divider if title is not provided 1`] = `ShallowWrapper {}`;
